prod_canonical_D_34 = 
fun D D' : D.type =>
{|
  D.sort := D.sort D * D.sort D';
  D.class :=
    {|
      D.hasA_mixin := prodA (D_to_A_17 D) (D_to_A_17 D');
      D.hasB_mixin := prodB tt (D_to_B_19 D) (D_to_B_19 D');
      D.hasC_mixin := prodC tt tt (D_to_C_21 D) (D_to_C_21 D');
      D.hasD_mixin := prodD D D'
    |}
|}
     : D.type -> D.type -> D.type
