The command has indeed failed with message:
The #[key="Tmiss"] attribute does not match the selected subject T
