The command has indeed failed with message:
HB: Unable to find mixin err_miss_dep_IsAddComoid on subject K
