The command has indeed failed with message:
You must declare the hierarchy bottom-up. There are two ways out: 
- declare structure A2B1 before structure B2A1; 
- declare an additional structure from which both inherit
